I'm sorry, but errors were detected in your script. Please correct the
errors listed below, and try again.


File "game/nqtr_values/nav_value.rpy", line 13: keyword argument repeated: picture_in_background

Ren'Py Version: Ren'Py 8.3.0.24082114
Mon Oct 14 12:34:39 2024
